RAM Allocation [bytes]
Variable                                                                          Address   Size
------------------------------------------------------------------------------------------------
Weight_Shiwu                                                                      0x0260       4
Weight_Maopi                                                                      0x0264       4
Weight_Shiwu1                                                                     0x0268       4
Weight_Maopi1                                                                     0x026C       4
Weight_Shiwu2                                                                     0x0270       4
Weight_Maopi2                                                                     0x0274       4
HX711_Buffer                                                                      0x0278       4
HX711_Buffer1                                                                     0x027C       4
HX711_Buffer2                                                                     0x0280       4
scale                                                                             0x0284       4
scale1                                                                            0x0288       4
scale2                                                                            0x028C       4
scale_sum                                                                         0x0290       4
scale1_sum                                                                        0x0294       4
scale2_sum                                                                        0x0298       4
scale_array                                                                       0x029C      28
scale1_array                                                                      0x02B8      28
scale2_array                                                                      0x02D4      28
buffer1                                                                           0x02F0      12
buffer2                                                                           0x02FC      12
buffer3                                                                           0x0308      12
buffer                                                                            0x0314      30
str1                                                                              0x0332      10
str2                                                                              0x033C      10
str3                                                                              0x0346      10
rx_buffer                                                                         0x0350      24
_base_y                                                                           0x0368       4
_seed                                                                             0x036C       4

EEPROM Allocation [bytes]
Variable                                                                          Address   Size
------------------------------------------------------------------------------------------------

Register Allocation
Variable                                                                          Register  Size
------------------------------------------------------------------------------------------------
timer2_counter                                                                    R4,R5        2
pw                                                                                R6,R7        2
rx_wr_index                                                                       R9           1
rx_rd_index                                                                       R8           1
rx_counter                                                                        R11          1
rx_buffer_overflow                                                                R2.0      1bit
_lcd_x                                                                            R10          1
_lcd_y                                                                            R13          1
_lcd_maxx                                                                         R12          1

FLASH Allocation [words]
Function                                                                          Address   Size
------------------------------------------------------------------------------------------------
timer2_ovf_isr                                                                    0x00088     22
usart_rx_isr                                                                      0x0009E     35
main                                                                              0x000C1    144
HX711_Read                                                                        0x00151     32
HX711_Read1                                                                       0x00171     32
HX711_Read2                                                                       0x00191     32
get_scale                                                                         0x001B1    387
get_offset                                                                        0x00334     41
get_offset1                                                                       0x0035D     41
get_offset2                                                                       0x00386     43
send                                                                              0x003B1     22
sort_array                                                                        0x003C7     96
_lcd_write_nibble_G100                                                            0x00427     21
_lcd_write_data                                                                   0x0043C     12
lcd_gotoxy                                                                        0x00448     13
lcd_clear                                                                         0x00455     12
lcd_putchar                                                                       0x00461     21
lcd_puts                                                                          0x00476     10
lcd_putsf                                                                         0x00480     17
lcd_init                                                                          0x00491     45
putchar                                                                           0x004BE      7
puts                                                                              0x004C5     14
put_buff_G101                                                                     0x004D3     58
_ftoe_G101                                                                        0x0050D    210
_print_G101                                                                       0x005DF    538
sprintf                                                                           0x007F9     52
ftoa                                                                              0x0082D    194
strcpyf                                                                           0x008EF     13
strlen                                                                            0x008FC     12
strlenf                                                                           0x00908     13
ftrunc                                                                            0x00915     49
floor                                                                             0x00946     23
