RAM Allocation [bytes]
Variable                                                                          Address   Size
------------------------------------------------------------------------------------------------
Weight_Shiwu                                                                      0x0260       4
Weight_Maopi                                                                      0x0264       4
Weight_Shiwu1                                                                     0x0268       4
Weight_Maopi1                                                                     0x026C       4
Weight_Shiwu2                                                                     0x0270       4
Weight_Maopi2                                                                     0x0274       4
HX711_Buffer                                                                      0x0278       4
HX711_Buffer1                                                                     0x027C       4
HX711_Buffer2                                                                     0x0280       4
scale_total                                                                       0x0284       4
scale_total_prev                                                                  0x0288       4
scale                                                                             0x028C       4
scale1                                                                            0x0290       4
scale2                                                                            0x0294       4
scale_sum                                                                         0x0298       4
scale1_sum                                                                        0x029C       4
scale2_sum                                                                        0x02A0       4
scale_array                                                                       0x02A4      28
scale1_array                                                                      0x02C0      28
scale2_array                                                                      0x02DC      28
buffer4                                                                           0x02F8       4
buffer                                                                            0x02FC      32
str1                                                                              0x031C       8
rx_buffer                                                                         0x0324      24
_base_y                                                                           0x033C       4
_seed                                                                             0x0340       4

EEPROM Allocation [bytes]
Variable                                                                          Address   Size
------------------------------------------------------------------------------------------------

Register Allocation
Variable                                                                          Register  Size
------------------------------------------------------------------------------------------------
measure_counter                                                                   R4,R5        2
rx_wr_index                                                                       R7           1
rx_rd_index                                                                       R6           1
rx_counter                                                                        R9           1
rx_buffer_overflow                                                                R2.0      1bit
_lcd_x                                                                            R8           1
_lcd_y                                                                            R11          1
_lcd_maxx                                                                         R10          1

FLASH Allocation [words]
Function                                                                          Address   Size
------------------------------------------------------------------------------------------------
usart_rx_isr                                                                      0x010B8     35
ext_int2_isr                                                                      0x010DB      6
timer1_ovf_isr                                                                    0x010E1    199
main                                                                              0x011A8    105
HX711_Read                                                                        0x01211     32
HX711_Read1                                                                       0x01231     32
HX711_Read2                                                                       0x01251     32
get_scale                                                                         0x01271    330
get_offset                                                                        0x013BB     41
get_offset1                                                                       0x013E4     41
get_offset2                                                                       0x0140D     43
send                                                                              0x01438      7
sort_array                                                                        0x0143F     96
_lcd_write_nibble_G100                                                            0x0149F     21
_lcd_write_data                                                                   0x014B4     12
lcd_gotoxy                                                                        0x014C0     13
lcd_clear                                                                         0x014CD     12
lcd_putchar                                                                       0x014D9     21
lcd_puts                                                                          0x014EE     10
lcd_putsf                                                                         0x014F8     17
lcd_init                                                                          0x01509     45
putchar                                                                           0x01536      7
puts                                                                              0x0153D     14
put_buff_G101                                                                     0x0154B     58
_ftoe_G101                                                                        0x01585    212
_print_G101                                                                       0x01659    538
sprintf                                                                           0x01873     52
itoa                                                                              0x018A7     46
ftoa                                                                              0x018D5    194
strcpyf                                                                           0x01997     13
strlen                                                                            0x019A4     12
strlenf                                                                           0x019B0     13
ftrunc                                                                            0x019BD     49
floor                                                                             0x019EE     23
